2025-07-16 23:17:42 [main] INFO  listeners.TestNGListeners - test execution started 
2025-07-16 23:17:44 [main] INFO  drivers.DriverManager - chrome is created 
2025-07-16 23:17:44 [main] INFO  utils.ScreenShot - Screenshot saved: test-outputs\screenshots\test case skippednavigateToLoginPage.png
2025-07-16 23:17:44 [main] INFO  listeners.TestNGListeners - test cases has skipped navigateToLoginPage
2025-07-16 23:17:45 [main] INFO  utils.ScreenShot - Screenshot saved: test-outputs\screenshots\test case skippedlogin.png
2025-07-16 23:17:45 [main] INFO  listeners.TestNGListeners - test cases has skipped login
2025-07-16 23:19:18 [main] INFO  listeners.TestNGListeners - test execution started 
2025-07-16 23:19:18 [main] INFO  tests.TestBase - STARTING BROWSER SETUP
2025-07-16 23:19:18 [main] INFO  tests.TestBase - Loaded properties: {baseURL=https://tutorialsninja.com/demo/, chromeBrowser=chrome, firefoxBrowser=firefox}
2025-07-16 23:19:19 [main] INFO  drivers.DriverManager - chrome is created 
2025-07-16 23:19:58 [main] INFO  utils.ScreenShot - Screenshot saved: test-outputs\screenshots\test case skippednavigateToLoginPage.png
2025-07-16 23:19:58 [main] INFO  listeners.TestNGListeners - test cases has skipped navigateToLoginPage
2025-07-16 23:19:58 [main] INFO  utils.ScreenShot - Screenshot saved: test-outputs\screenshots\test case skippedlogin.png
2025-07-16 23:19:58 [main] INFO  listeners.TestNGListeners - test cases has skipped login
2025-07-18 12:10:23 [main] INFO  listeners.TestNGListeners - test execution started 
2025-07-18 12:10:23 [main] INFO  tests.TestBase - STARTING BROWSER SETUP
2025-07-18 12:10:23 [main] INFO  tests.TestBase - Loaded properties: {baseURL=https://tutorialsninja.com/demo/, chromeBrowser=chrome, firefoxBrowser=firefox}
2025-07-18 12:10:32 [main] INFO  drivers.DriverManager - chrome is created 
2025-07-18 12:10:46 [main] INFO  tests.TestBase - Navigated to base URL.
2025-07-18 12:10:46 [main] INFO  utils.ElementActions - finding an element By.tagName: h4
2025-07-18 12:10:46 [main] INFO  utils.ElementActions - finding an element By.xpath: //span[text()='Shopping Cart']
2025-07-18 12:10:48 [main] INFO  utils.ScreenShot - Screenshot saved: test-outputs\screenshots\addToCart.png
