2025-07-20 12:06:10 [main] INFO  listeners.TestNGListeners - test execution started 
2025-07-20 12:06:10 [main] INFO  tests.TestBase - STARTING BROWSER SETUP
2025-07-20 12:06:10 [main] INFO  tests.TestBase - Loaded properties: {baseURL=https://tutorialsninja.com/demo/, chromeBrowser=chrome, firefoxBrowser=firefox}
2025-07-20 12:06:11 [main] INFO  drivers.DriverManager - chrome is created 
2025-07-20 12:06:15 [main] INFO  tests.TestBase - Navigated to base URL.
2025-07-20 12:06:15 [main] INFO  utils.ElementActions - finding an element By.xpath: //span[text()='My Account']
2025-07-20 12:06:15 [main] INFO  utils.Waits - wait element to be clickable By.xpath: //a[text()='Login']
2025-07-20 12:06:15 [main] INFO  utils.Waits - wait element to be visibleBy.xpath: //a[text()='Login']
2025-07-20 12:06:15 [main] INFO  utils.Waits - wait element to be presentBy.xpath: //a[text()='Login']
2025-07-20 12:06:15 [main] INFO  utils.ElementActions - finding an element By.xpath: //a[text()='Login']
2025-07-20 12:06:16 [main] INFO  utils.ScreenShot - Screenshot saved: test-outputs\screenshots\navigateToLoginPage.png
2025-07-20 12:06:16 [main] INFO  listeners.TestNGListeners - test case passed navigateToLoginPage
2025-07-20 12:06:16 [main] INFO  utils.Waits - wait element to be visibleBy.id: input-email
2025-07-20 12:06:16 [main] INFO  utils.Waits - wait element to be presentBy.id: input-email
2025-07-20 12:06:16 [main] INFO  utils.Scrolling - scrolling to an element By.id: input-email
2025-07-20 12:06:16 [main] INFO  utils.ElementActions - finding an element By.id: input-email
2025-07-20 12:06:16 [main] INFO  utils.ElementActions - finding an element By.id: input-email
2025-07-20 12:06:17 [main] INFO  utils.ElementActions - finding an element By.id: input-email
2025-07-20 12:06:17 [main] INFO  utils.ElementActions - finding an element By.id: input-email
2025-07-20 12:06:17 [main] INFO  utils.ElementActions - data sent to By.id: input-emailwith datamahmoud2841@gmail.com
2025-07-20 12:06:17 [main] INFO  utils.Scrolling - scrolling to an element By.id: input-password
2025-07-20 12:06:17 [main] INFO  utils.ElementActions - finding an element By.id: input-password
2025-07-20 12:06:17 [main] INFO  utils.ElementActions - finding an element By.id: input-password
2025-07-20 12:06:17 [main] INFO  utils.ElementActions - finding an element By.id: input-password
2025-07-20 12:06:17 [main] INFO  utils.ElementActions - finding an element By.id: input-password
2025-07-20 12:06:17 [main] INFO  utils.ElementActions - data sent to By.id: input-passwordwith dataMm!12345
2025-07-20 12:06:17 [main] INFO  utils.ElementActions - finding an element By.cssSelector: input[value='Login']
2025-07-20 12:06:17 [main] INFO  utils.Waits - wait element to be visibleBy.xpath: //h2[text()='My Account']
2025-07-20 12:06:17 [main] INFO  utils.Waits - wait element to be presentBy.xpath: //h2[text()='My Account']
2025-07-20 12:06:18 [main] INFO  utils.Scrolling - scrolling to an element By.xpath: //h2[text()='My Account']
2025-07-20 12:06:18 [main] INFO  utils.ElementActions - finding an element By.xpath: //h2[text()='My Account']
2025-07-20 12:06:18 [main] INFO  utils.ElementActions - finding an element By.xpath: //h2[text()='My Account']
2025-07-20 12:06:18 [main] INFO  utils.ElementActions - getting text of By.xpath: //h2[text()='My Account']with dataMy Account
2025-07-20 12:06:18 [main] INFO  utils.ElementActions - finding an element By.xpath: //h2[text()='My Account']
2025-07-20 12:06:19 [main] INFO  utils.ScreenShot - Screenshot saved: test-outputs\screenshots\login.png
